Overriding config with config/train_shakespeare_char.py:
# train a miniature character-level shakespeare model
# good for debugging and playing on macbooks and such

out_dir = 'out-shakespeare-char'
eval_interval = 250 # keep frequent because we'll overfit
eval_iters = 200
log_interval = 10 # don't print too too often

# we expect to overfit on this small dataset, so only save when val improves
always_save_checkpoint = False

wandb_log = False # override via command line if you like
wandb_project = 'shakespeare-char'
wandb_run_name = 'mini-gpt'

dataset = 'shakespeare_char'
gradient_accumulation_steps = 1
batch_size = 64
block_size = 256 # context of up to 256 previous characters

# baby GPT model :)
n_layer = 6
n_head = 6
n_embd = 384
dropout = 0.2

learning_rate = 1e-3 # with baby networks can afford to go a bit higher
max_iters = 5000
lr_decay_iters = 5000 # make equal to max_iters usually
min_lr = 1e-4 # learning_rate / 10 usually
beta2 = 0.99 # make a bit bigger because number of tokens per iter is small

warmup_iters = 100 # not super necessary potentially

# on macbook also add
# device = 'cpu'  # run on cpu only
# compile = False # do not torch compile the model

Overriding: out_dir = results/shakespeare_char_baseline_20261004/checkpoint
tokens per iteration will be: 16,384
found vocab_size = 65 (inside data/shakespeare_char/meta.pkl)
Initializing a new model from scratch
number of parameters: 10.65M
train.py:207: FutureWarning: `torch.cuda.amp.GradScaler(args...)` is deprecated. Please use `torch.amp.GradScaler('cuda', args...)` instead.
  scaler = torch.cuda.amp.GradScaler(enabled=(dtype == 'float16'))
num decayed parameter tensors: 26, with 10,740,096 parameters
num non-decayed parameter tensors: 13, with 4,992 parameters
using fused AdamW: True
compiling the model... (takes a ~minute)
step 0: train loss 4.2874, val loss 4.2823
iter 0: loss 4.2654, time 12093.93ms, mfu -100.00%
iter 10: loss 3.1461, time 13.87ms, mfu 26.86%
iter 20: loss 2.7314, time 14.18ms, mfu 26.80%
iter 30: loss 2.6181, time 14.30ms, mfu 26.73%
iter 40: loss 2.5755, time 14.32ms, mfu 26.65%
iter 50: loss 2.5251, time 13.55ms, mfu 26.74%
iter 60: loss 2.5142, time 13.55ms, mfu 26.81%
iter 70: loss 2.4945, time 13.62ms, mfu 26.87%
iter 80: loss 2.4938, time 13.98ms, mfu 26.85%
iter 90: loss 2.4676, time 14.12ms, mfu 26.80%
iter 100: loss 2.4595, time 14.03ms, mfu 26.78%
iter 110: loss 2.4611, time 13.95ms, mfu 26.77%
iter 120: loss 2.4291, time 13.54ms, mfu 26.85%
iter 130: loss 2.4121, time 13.96ms, mfu 26.83%
iter 140: loss 2.4096, time 13.60ms, mfu 26.89%
iter 150: loss 2.4077, time 13.62ms, mfu 26.94%
iter 160: loss 2.3706, time 14.26ms, mfu 26.86%
iter 170: loss 2.3524, time 14.07ms, mfu 26.82%
iter 180: loss 2.3239, time 13.56ms, mfu 26.88%
iter 190: loss 2.2568, time 13.22ms, mfu 27.01%
iter 200: loss 2.2117, time 13.64ms, mfu 27.04%
iter 210: loss 2.1481, time 13.60ms, mfu 27.08%
iter 220: loss 2.1453, time 14.16ms, mfu 27.00%
iter 230: loss 2.0786, time 14.37ms, mfu 26.90%
iter 240: loss 2.0778, time 13.54ms, mfu 26.96%
step 250: train loss 1.9689, val loss 2.0675
saving checkpoint to results/shakespeare_char_baseline_20261004/checkpoint
iter 250: loss 2.0344, time 2112.37ms, mfu 24.28%
iter 260: loss 1.9877, time 13.73ms, mfu 24.57%
iter 270: loss 1.9826, time 13.58ms, mfu 24.85%
iter 280: loss 1.9808, time 13.60ms, mfu 25.11%
iter 290: loss 1.9129, time 13.60ms, mfu 25.34%
iter 300: loss 1.9023, time 14.23ms, mfu 25.42%
iter 310: loss 1.8674, time 14.07ms, mfu 25.53%
iter 320: loss 1.8484, time 13.90ms, mfu 25.66%
iter 330: loss 1.8208, time 13.55ms, mfu 25.84%
iter 340: loss 1.7853, time 13.89ms, mfu 25.94%
iter 350: loss 1.8259, time 13.88ms, mfu 26.03%
iter 360: loss 1.7723, time 13.58ms, mfu 26.17%
iter 370: loss 1.7446, time 14.18ms, mfu 26.18%
iter 380: loss 1.7302, time 13.95ms, mfu 26.24%
iter 390: loss 1.7305, time 13.76ms, mfu 26.32%
iter 400: loss 1.7660, time 13.60ms, mfu 26.43%
iter 410: loss 1.6970, time 13.57ms, mfu 26.53%
iter 420: loss 1.7147, time 13.84ms, mfu 26.57%
iter 430: loss 1.6855, time 14.22ms, mfu 26.53%
iter 440: loss 1.6508, time 14.31ms, mfu 26.48%
iter 450: loss 1.6548, time 13.72ms, mfu 26.55%
iter 460: loss 1.5970, time 14.30ms, mfu 26.50%
iter 470: loss 1.6387, time 14.63ms, mfu 26.40%
iter 480: loss 1.6183, time 14.26ms, mfu 26.37%
iter 490: loss 1.6025, time 14.06ms, mfu 26.38%
step 500: train loss 1.5225, val loss 1.7251
saving checkpoint to results/shakespeare_char_baseline_20261004/checkpoint
iter 500: loss 1.5959, time 2286.36ms, mfu 23.76%
iter 510: loss 1.6067, time 13.51ms, mfu 24.14%
iter 520: loss 1.5871, time 13.61ms, mfu 24.47%
iter 530: loss 1.5603, time 13.58ms, mfu 24.76%
iter 540: loss 1.6167, time 14.22ms, mfu 24.91%
iter 550: loss 1.5598, time 14.29ms, mfu 25.02%
iter 560: loss 1.5614, time 14.07ms, mfu 25.17%
iter 570: loss 1.5635, time 13.84ms, mfu 25.35%
iter 580: loss 1.5296, time 13.68ms, mfu 25.54%
iter 590: loss 1.4904, time 14.40ms, mfu 25.57%
iter 600: loss 1.5083, time 14.08ms, mfu 25.66%
iter 610: loss 1.5445, time 13.91ms, mfu 25.77%
iter 620: loss 1.5270, time 13.54ms, mfu 25.95%
iter 630: loss 1.5046, time 13.62ms, mfu 26.09%
iter 640: loss 1.4670, time 13.87ms, mfu 26.17%
iter 650: loss 1.5017, time 14.27ms, mfu 26.16%
iter 660: loss 1.5003, time 14.08ms, mfu 26.19%
iter 670: loss 1.4414, time 13.95ms, mfu 26.25%
iter 680: loss 1.5075, time 13.56ms, mfu 26.37%
iter 690: loss 1.4646, time 13.61ms, mfu 26.47%
iter 700: loss 1.4823, time 13.94ms, mfu 26.50%
iter 710: loss 1.4554, time 14.30ms, mfu 26.45%
iter 720: loss 1.4350, time 14.05ms, mfu 26.46%
iter 730: loss 1.4224, time 14.06ms, mfu 26.46%
iter 740: loss 1.4201, time 13.56ms, mfu 26.57%
step 750: train loss 1.3585, val loss 1.5843
saving checkpoint to results/shakespeare_char_baseline_20261004/checkpoint
iter 750: loss 1.4234, time 2303.46ms, mfu 23.93%
iter 760: loss 1.4462, time 13.99ms, mfu 24.20%
iter 770: loss 1.4272, time 13.54ms, mfu 24.53%
iter 780: loss 1.4143, time 13.60ms, mfu 24.81%
iter 790: loss 1.4125, time 13.61ms, mfu 25.07%
iter 800: loss 1.4289, time 13.95ms, mfu 25.24%
iter 810: loss 1.3977, time 14.15ms, mfu 25.34%
iter 820: loss 1.4085, time 14.24ms, mfu 25.43%
iter 830: loss 1.3923, time 13.53ms, mfu 25.64%
iter 840: loss 1.3960, time 13.53ms, mfu 25.83%
iter 850: loss 1.3934, time 13.60ms, mfu 25.99%
iter 860: loss 1.3937, time 13.61ms, mfu 26.13%
iter 870: loss 1.3929, time 14.18ms, mfu 26.14%
iter 880: loss 1.3655, time 14.28ms, mfu 26.13%
iter 890: loss 1.3890, time 14.11ms, mfu 26.16%
iter 900: loss 1.3654, time 13.57ms, mfu 26.29%
iter 910: loss 1.3170, time 13.61ms, mfu 26.40%
iter 920: loss 1.3592, time 13.62ms, mfu 26.50%
iter 930: loss 1.3586, time 13.59ms, mfu 26.59%
iter 940: loss 1.3406, time 14.33ms, mfu 26.53%
iter 950: loss 1.3498, time 14.10ms, mfu 26.52%
iter 960: loss 1.3611, time 14.06ms, mfu 26.52%
iter 970: loss 1.3479, time 13.59ms, mfu 26.61%
iter 980: loss 1.3560, time 14.31ms, mfu 26.55%
iter 990: loss 1.3324, time 14.00ms, mfu 26.56%
step 1000: train loss 1.2696, val loss 1.5145
saving checkpoint to results/shakespeare_char_baseline_20261004/checkpoint
iter 1000: loss 1.3273, time 2290.20ms, mfu 23.92%
iter 1010: loss 1.3375, time 13.57ms, mfu 24.27%
iter 1020: loss 1.3087, time 13.60ms, mfu 24.58%
iter 1030: loss 1.3343, time 13.58ms, mfu 24.87%
iter 1040: loss 1.3566, time 13.61ms, mfu 25.12%
iter 1050: loss 1.2811, time 14.20ms, mfu 25.23%
iter 1060: loss 1.3380, time 13.73ms, mfu 25.42%
iter 1070: loss 1.3269, time 13.54ms, mfu 25.63%
iter 1080: loss 1.3325, time 13.64ms, mfu 25.80%
iter 1090: loss 1.3518, time 13.63ms, mfu 25.96%
iter 1100: loss 1.3128, time 13.60ms, mfu 26.10%
iter 1110: loss 1.2941, time 14.35ms, mfu 26.09%
iter 1120: loss 1.2990, time 14.52ms, mfu 26.04%
iter 1130: loss 1.2866, time 13.79ms, mfu 26.14%
iter 1140: loss 1.2953, time 13.58ms, mfu 26.27%
iter 1150: loss 1.3030, time 14.25ms, mfu 26.26%
iter 1160: loss 1.3220, time 13.98ms, mfu 26.30%
iter 1170: loss 1.2955, time 14.09ms, mfu 26.31%
iter 1180: loss 1.3099, time 13.76ms, mfu 26.39%
iter 1190: loss 1.2706, time 13.57ms, mfu 26.50%
iter 1200: loss 1.2912, time 13.65ms, mfu 26.58%
iter 1210: loss 1.2607, time 14.20ms, mfu 26.54%
iter 1220: loss 1.3040, time 14.08ms, mfu 26.54%
iter 1230: loss 1.3001, time 14.05ms, mfu 26.53%
iter 1240: loss 1.2984, time 13.57ms, mfu 26.63%
step 1250: train loss 1.2053, val loss 1.4919
saving checkpoint to results/shakespeare_char_baseline_20261004/checkpoint
iter 1250: loss 1.2703, time 2297.50ms, mfu 23.98%
iter 1260: loss 1.2831, time 14.59ms, mfu 24.14%
iter 1270: loss 1.2623, time 13.95ms, mfu 24.39%
iter 1280: loss 1.2535, time 13.59ms, mfu 24.70%
iter 1290: loss 1.2783, time 13.62ms, mfu 24.96%
iter 1300: loss 1.3035, time 14.12ms, mfu 25.10%
iter 1310: loss 1.2309, time 13.62ms, mfu 25.33%
iter 1320: loss 1.3047, time 14.23ms, mfu 25.42%
iter 1330: loss 1.2651, time 14.07ms, mfu 25.52%
iter 1340: loss 1.3003, time 13.77ms, mfu 25.68%
iter 1350: loss 1.2474, time 13.57ms, mfu 25.86%
iter 1360: loss 1.2717, time 13.61ms, mfu 26.01%
iter 1370: loss 1.2533, time 13.59ms, mfu 26.15%
iter 1380: loss 1.2563, time 14.40ms, mfu 26.12%
iter 1390: loss 1.2453, time 14.05ms, mfu 26.16%
iter 1400: loss 1.2573, time 14.03ms, mfu 26.20%
iter 1410: loss 1.2481, time 13.58ms, mfu 26.32%
iter 1420: loss 1.2716, time 13.59ms, mfu 26.43%
iter 1430: loss 1.2439, time 13.61ms, mfu 26.53%
iter 1440: loss 1.2531, time 13.59ms, mfu 26.62%
iter 1450: loss 1.2294, time 14.15ms, mfu 26.59%
iter 1460: loss 1.2377, time 14.09ms, mfu 26.58%
iter 1470: loss 1.2174, time 13.72ms, mfu 26.63%
iter 1480: loss 1.2178, time 13.53ms, mfu 26.73%
iter 1490: loss 1.2374, time 13.59ms, mfu 26.80%
step 1500: train loss 1.1502, val loss 1.4721
saving checkpoint to results/shakespeare_char_baseline_20261004/checkpoint
iter 1500: loss 1.1786, time 2336.37ms, mfu 24.13%
iter 1510: loss 1.2318, time 13.50ms, mfu 24.48%
iter 1520: loss 1.2230, time 13.62ms, mfu 24.77%
iter 1530: loss 1.2636, time 13.63ms, mfu 25.02%
iter 1540: loss 1.1939, time 13.61ms, mfu 25.26%
iter 1550: loss 1.2375, time 14.76ms, mfu 25.26%
iter 1560: loss 1.2054, time 14.00ms, mfu 25.39%
iter 1570: loss 1.2299, time 13.94ms, mfu 25.53%
iter 1580: loss 1.2126, time 13.58ms, mfu 25.72%
iter 1590: loss 1.1904, time 13.61ms, mfu 25.89%
iter 1600: loss 1.1940, time 13.59ms, mfu 26.04%
iter 1610: loss 1.2305, time 13.89ms, mfu 26.12%
iter 1620: loss 1.1869, time 14.14ms, mfu 26.14%
iter 1630: loss 1.2049, time 13.57ms, mfu 26.27%
iter 1640: loss 1.1969, time 13.68ms, mfu 26.37%
iter 1650: loss 1.1787, time 14.16ms, mfu 26.36%
iter 1660: loss 1.2227, time 13.95ms, mfu 26.40%
iter 1670: loss 1.1979, time 14.03ms, mfu 26.41%
iter 1680: loss 1.1970, time 13.56ms, mfu 26.52%
iter 1690: loss 1.2005, time 13.64ms, mfu 26.60%
iter 1700: loss 1.1858, time 13.61ms, mfu 26.68%
iter 1710: loss 1.1731, time 13.63ms, mfu 26.74%
iter 1720: loss 1.1782, time 14.24ms, mfu 26.69%
iter 1730: loss 1.1961, time 14.09ms, mfu 26.66%
iter 1740: loss 1.1717, time 13.95ms, mfu 26.67%
step 1750: train loss 1.1045, val loss 1.4716
saving checkpoint to results/shakespeare_char_baseline_20261004/checkpoint
iter 1750: loss 1.1874, time 2302.96ms, mfu 24.02%
iter 1760: loss 1.1860, time 14.03ms, mfu 24.27%
iter 1770: loss 1.1902, time 14.46ms, mfu 24.42%
iter 1780: loss 1.1941, time 14.16ms, mfu 24.61%
iter 1790: loss 1.1948, time 13.57ms, mfu 24.89%
iter 1800: loss 1.1739, time 13.58ms, mfu 25.15%
iter 1810: loss 1.1571, time 14.05ms, mfu 25.29%
iter 1820: loss 1.1655, time 13.74ms, mfu 25.47%
iter 1830: loss 1.1706, time 13.61ms, mfu 25.66%
iter 1840: loss 1.1573, time 13.57ms, mfu 25.84%
iter 1850: loss 1.1609, time 13.66ms, mfu 25.98%
iter 1860: loss 1.1759, time 13.87ms, mfu 26.07%
iter 1870: loss 1.1361, time 14.29ms, mfu 26.07%
iter 1880: loss 1.1768, time 14.08ms, mfu 26.11%
iter 1890: loss 1.1782, time 13.58ms, mfu 26.25%
iter 1900: loss 1.1275, time 13.60ms, mfu 26.36%
iter 1910: loss 1.1721, time 13.61ms, mfu 26.46%
iter 1920: loss 1.1652, time 13.98ms, mfu 26.48%
iter 1930: loss 1.1421, time 13.81ms, mfu 26.53%
iter 1940: loss 1.1249, time 13.95ms, mfu 26.55%
iter 1950: loss 1.1367, time 13.59ms, mfu 26.64%
iter 1960: loss 1.1507, time 13.61ms, mfu 26.71%
iter 1970: loss 1.1517, time 13.61ms, mfu 26.78%
iter 1980: loss 1.1542, time 13.84ms, mfu 26.79%
iter 1990: loss 1.1522, time 13.95ms, mfu 26.78%
step 2000: train loss 1.0604, val loss 1.4785
iter 2000: loss 1.1332, time 2045.68ms, mfu 24.12%
iter 2010: loss 1.1248, time 14.27ms, mfu 24.32%
iter 2020: loss 1.1185, time 14.07ms, mfu 24.54%
iter 2030: loss 1.1516, time 13.59ms, mfu 24.83%
iter 2040: loss 1.1432, time 13.62ms, mfu 25.08%
iter 2050: loss 1.1160, time 13.61ms, mfu 25.31%
iter 2060: loss 1.0955, time 14.21ms, mfu 25.40%
iter 2070: loss 1.1211, time 14.29ms, mfu 25.47%
iter 2080: loss 1.1143, time 13.61ms, mfu 25.66%
iter 2090: loss 1.1264, time 13.76ms, mfu 25.80%
iter 2100: loss 1.1285, time 13.61ms, mfu 25.96%
iter 2110: loss 1.1285, time 13.63ms, mfu 26.10%
iter 2120: loss 1.1290, time 14.23ms, mfu 26.11%
iter 2130: loss 1.1316, time 14.28ms, mfu 26.11%
iter 2140: loss 1.1318, time 14.06ms, mfu 26.14%
iter 2150: loss 1.1142, time 13.58ms, mfu 26.27%
iter 2160: loss 1.1468, time 13.65ms, mfu 26.38%
iter 2170: loss 1.1289, time 13.61ms, mfu 26.48%
iter 2180: loss 1.1118, time 14.05ms, mfu 26.48%
iter 2190: loss 1.0997, time 14.11ms, mfu 26.48%
iter 2200: loss 1.1226, time 14.34ms, mfu 26.43%
iter 2210: loss 1.1194, time 13.81ms, mfu 26.48%
iter 2220: loss 1.1220, time 14.03ms, mfu 26.49%
iter 2230: loss 1.1196, time 13.96ms, mfu 26.51%
iter 2240: loss 1.1253, time 14.05ms, mfu 26.51%
step 2250: train loss 1.0080, val loss 1.4806
iter 2250: loss 1.1073, time 2041.02ms, mfu 23.88%
iter 2260: loss 1.1068, time 14.21ms, mfu 24.11%
iter 2270: loss 1.1297, time 13.58ms, mfu 24.44%
iter 2280: loss 1.0942, time 13.56ms, mfu 24.75%
iter 2290: loss 1.1383, time 13.59ms, mfu 25.02%
iter 2300: loss 1.1217, time 13.67ms, mfu 25.24%
iter 2310: loss 1.0912, time 14.24ms, mfu 25.33%
iter 2320: loss 1.0916, time 14.29ms, mfu 25.41%
iter 2330: loss 1.0965, time 14.08ms, mfu 25.51%
iter 2340: loss 1.1130, time 13.58ms, mfu 25.71%
iter 2350: loss 1.1048, time 13.81ms, mfu 25.83%
iter 2360: loss 1.1046, time 14.72ms, mfu 25.78%
iter 2370: loss 1.0921, time 14.02ms, mfu 25.86%
iter 2380: loss 1.0848, time 13.78ms, mfu 25.98%
iter 2390: loss 1.0834, time 13.63ms, mfu 26.11%
iter 2400: loss 1.0763, time 13.64ms, mfu 26.23%
iter 2410: loss 1.0694, time 13.98ms, mfu 26.27%
iter 2420: loss 1.0791, time 14.28ms, mfu 26.26%
iter 2430: loss 1.0578, time 14.03ms, mfu 26.29%
iter 2440: loss 1.0609, time 13.60ms, mfu 26.40%
iter 2450: loss 1.0698, time 13.64ms, mfu 26.49%
iter 2460: loss 1.0856, time 13.64ms, mfu 26.57%
iter 2470: loss 1.0864, time 13.98ms, mfu 26.58%
iter 2480: loss 1.0800, time 14.27ms, mfu 26.53%
iter 2490: loss 1.0524, time 14.10ms, mfu 26.52%
step 2500: train loss 0.9614, val loss 1.4839
iter 2500: loss 1.0775, time 2039.79ms, mfu 23.89%
iter 2510: loss 1.0621, time 14.22ms, mfu 24.12%
iter 2520: loss 1.0457, time 13.93ms, mfu 24.38%
iter 2530: loss 1.0576, time 13.64ms, mfu 24.68%
iter 2540: loss 1.0543, time 13.95ms, mfu 24.88%
iter 2550: loss 1.0610, time 13.67ms, mfu 25.12%
iter 2560: loss 1.0513, time 14.78ms, mfu 25.13%
iter 2570: loss 1.0668, time 14.11ms, mfu 25.26%
iter 2580: loss 1.0798, time 13.96ms, mfu 25.40%
iter 2590: loss 1.0630, time 13.62ms, mfu 25.59%
iter 2600: loss 1.0630, time 13.63ms, mfu 25.77%
iter 2610: loss 1.0473, time 13.90ms, mfu 25.87%
iter 2620: loss 1.0379, time 14.24ms, mfu 25.90%
iter 2630: loss 1.0243, time 14.08ms, mfu 25.96%
iter 2640: loss 1.0433, time 13.57ms, mfu 26.11%
iter 2650: loss 1.0580, time 13.62ms, mfu 26.23%
iter 2660: loss 1.0413, time 13.61ms, mfu 26.35%
iter 2670: loss 1.0183, time 13.59ms, mfu 26.45%
iter 2680: loss 1.0537, time 14.21ms, mfu 26.43%
iter 2690: loss 1.0562, time 14.12ms, mfu 26.43%
iter 2700: loss 1.0181, time 13.74ms, mfu 26.50%
iter 2710: loss 1.0421, time 13.63ms, mfu 26.58%
iter 2720: loss 1.0415, time 13.67ms, mfu 26.65%
iter 2730: loss 1.0591, time 13.64ms, mfu 26.72%
iter 2740: loss 1.0123, time 14.48ms, mfu 26.62%
step 2750: train loss 0.9128, val loss 1.5117
iter 2750: loss 1.0321, time 2054.43ms, mfu 23.97%
iter 2760: loss 1.0241, time 14.09ms, mfu 24.22%
iter 2770: loss 1.0191, time 13.57ms, mfu 24.55%
iter 2780: loss 1.0277, time 13.66ms, mfu 24.82%
iter 2790: loss 1.0277, time 13.34ms, mfu 25.13%
iter 2800: loss 1.0117, time 13.97ms, mfu 25.28%
iter 2810: loss 1.0427, time 14.36ms, mfu 25.35%
iter 2820: loss 1.0259, time 15.06ms, mfu 25.29%
iter 2830: loss 1.0313, time 14.28ms, mfu 25.37%
iter 2840: loss 0.9878, time 14.26ms, mfu 25.45%
iter 2850: loss 1.0266, time 13.81ms, mfu 25.60%
iter 2860: loss 1.0201, time 13.56ms, mfu 25.79%
iter 2870: loss 0.9968, time 13.56ms, mfu 25.96%
iter 2880: loss 1.0375, time 13.91ms, mfu 26.04%
iter 2890: loss 1.0097, time 14.74ms, mfu 25.96%
iter 2900: loss 0.9854, time 14.45ms, mfu 25.95%
iter 2910: loss 1.0409, time 14.11ms, mfu 25.99%
iter 2920: loss 1.0164, time 13.72ms, mfu 26.11%
iter 2930: loss 0.9951, time 14.28ms, mfu 26.11%
iter 2940: loss 0.9959, time 14.62ms, mfu 26.04%
iter 2950: loss 1.0248, time 13.65ms, mfu 26.17%
iter 2960: loss 0.9991, time 14.07ms, mfu 26.20%
iter 2970: loss 0.9894, time 14.91ms, mfu 26.08%
iter 2980: loss 1.0007, time 14.60ms, mfu 26.02%
iter 2990: loss 0.9833, time 13.46ms, mfu 26.19%
step 3000: train loss 0.8667, val loss 1.5281
iter 3000: loss 0.9816, time 2139.59ms, mfu 23.59%
iter 3010: loss 0.9923, time 14.02ms, mfu 23.89%
iter 3020: loss 0.9969, time 13.72ms, mfu 24.21%
iter 3030: loss 1.0058, time 13.23ms, mfu 24.61%
iter 3040: loss 1.0204, time 13.84ms, mfu 24.84%
iter 3050: loss 0.9808, time 14.24ms, mfu 24.97%
iter 3060: loss 0.9927, time 14.26ms, mfu 25.09%
iter 3070: loss 1.0092, time 13.91ms, mfu 25.26%
iter 3080: loss 0.9942, time 14.13ms, mfu 25.37%
iter 3090: loss 0.9842, time 14.25ms, mfu 25.45%
iter 3100: loss 0.9916, time 14.51ms, mfu 25.47%
iter 3110: loss 0.9679, time 13.97ms, mfu 25.59%
iter 3120: loss 0.9983, time 13.61ms, mfu 25.77%
iter 3130: loss 0.9739, time 13.94ms, mfu 25.87%
iter 3140: loss 0.9797, time 14.13ms, mfu 25.92%
iter 3150: loss 0.9949, time 14.08ms, mfu 25.97%
iter 3160: loss 1.0061, time 13.59ms, mfu 26.12%
iter 3170: loss 0.9548, time 13.62ms, mfu 26.24%
iter 3180: loss 0.9724, time 13.62ms, mfu 26.35%
iter 3190: loss 0.9921, time 13.61ms, mfu 26.46%
iter 3200: loss 0.9659, time 14.22ms, mfu 26.43%
iter 3210: loss 0.9667, time 14.09ms, mfu 26.43%
iter 3220: loss 0.9659, time 13.75ms, mfu 26.50%
iter 3230: loss 0.9564, time 13.57ms, mfu 26.59%
iter 3240: loss 0.9515, time 13.66ms, mfu 26.66%
step 3250: train loss 0.8227, val loss 1.5551
iter 3250: loss 0.9620, time 2079.35ms, mfu 24.02%
iter 3260: loss 0.9616, time 13.61ms, mfu 24.35%
iter 3270: loss 0.9681, time 14.06ms, mfu 24.57%
iter 3280: loss 0.9568, time 14.18ms, mfu 24.74%
iter 3290: loss 0.9434, time 14.06ms, mfu 24.91%
iter 3300: loss 0.9412, time 13.73ms, mfu 25.14%
iter 3310: loss 0.9437, time 13.64ms, mfu 25.35%
iter 3320: loss 0.9569, time 14.29ms, mfu 25.43%
iter 3330: loss 0.9582, time 13.61ms, mfu 25.62%
iter 3340: loss 0.9564, time 14.24ms, mfu 25.68%
iter 3350: loss 0.9605, time 13.73ms, mfu 25.82%
iter 3360: loss 0.9261, time 13.94ms, mfu 25.91%
iter 3370: loss 0.9552, time 13.60ms, mfu 26.06%
iter 3380: loss 0.9454, time 13.62ms, mfu 26.19%
iter 3390: loss 0.9549, time 13.62ms, mfu 26.31%
iter 3400: loss 0.9511, time 14.19ms, mfu 26.30%
iter 3410: loss 0.9419, time 14.30ms, mfu 26.28%
iter 3420: loss 0.9338, time 13.58ms, mfu 26.39%
iter 3430: loss 0.9482, time 13.62ms, mfu 26.49%
iter 3440: loss 0.9689, time 13.65ms, mfu 26.57%
iter 3450: loss 0.9486, time 13.99ms, mfu 26.58%
iter 3460: loss 0.9475, time 14.33ms, mfu 26.52%
iter 3470: loss 0.9415, time 14.09ms, mfu 26.51%
iter 3480: loss 0.9463, time 13.58ms, mfu 26.61%
iter 3490: loss 0.9144, time 14.16ms, mfu 26.58%
step 3500: train loss 0.7816, val loss 1.5760
iter 3500: loss 0.9084, time 2068.64ms, mfu 23.94%
iter 3510: loss 0.9140, time 13.58ms, mfu 24.29%
iter 3520: loss 0.9248, time 13.60ms, mfu 24.60%
iter 3530: loss 0.9613, time 13.66ms, mfu 24.87%
iter 3540: loss 0.9288, time 14.18ms, mfu 25.01%
iter 3550: loss 0.9340, time 14.04ms, mfu 25.16%
iter 3560: loss 0.9561, time 14.02ms, mfu 25.30%
iter 3570: loss 0.9396, time 13.55ms, mfu 25.52%
iter 3580: loss 0.9367, time 13.60ms, mfu 25.71%
iter 3590: loss 0.9214, time 13.66ms, mfu 25.87%
iter 3600: loss 0.9298, time 13.66ms, mfu 26.01%
iter 3610: loss 0.9111, time 14.05ms, mfu 26.06%
iter 3620: loss 0.9058, time 13.77ms, mfu 26.16%
iter 3630: loss 0.9395, time 13.74ms, mfu 26.26%
iter 3640: loss 0.9152, time 13.75ms, mfu 26.34%
iter 3650: loss 0.9198, time 14.35ms, mfu 26.30%
iter 3660: loss 0.9341, time 13.75ms, mfu 26.38%
iter 3670: loss 0.9376, time 13.60ms, mfu 26.49%
iter 3680: loss 0.9035, time 13.62ms, mfu 26.57%
iter 3690: loss 0.9340, time 13.30ms, mfu 26.72%
iter 3700: loss 0.8728, time 13.64ms, mfu 26.78%
iter 3710: loss 0.8815, time 14.16ms, mfu 26.73%
iter 3720: loss 0.9026, time 14.15ms, mfu 26.69%
iter 3730: loss 0.9026, time 13.58ms, mfu 26.77%
iter 3740: loss 0.9041, time 13.63ms, mfu 26.82%
step 3750: train loss 0.7409, val loss 1.5995
iter 3750: loss 0.9113, time 2035.85ms, mfu 24.16%
iter 3760: loss 0.9359, time 13.77ms, mfu 24.45%
iter 3770: loss 0.9303, time 13.60ms, mfu 24.74%
iter 3780: loss 0.9192, time 13.76ms, mfu 24.98%
iter 3790: loss 0.8906, time 14.44ms, mfu 25.06%
iter 3800: loss 0.9151, time 14.41ms, mfu 25.14%
iter 3810: loss 0.9289, time 13.77ms, mfu 25.33%
iter 3820: loss 0.8803, time 13.60ms, mfu 25.54%
iter 3830: loss 0.9015, time 13.64ms, mfu 25.72%
iter 3840: loss 0.8879, time 14.15ms, mfu 25.78%
iter 3850: loss 0.8901, time 14.23ms, mfu 25.82%
iter 3860: loss 0.8751, time 13.73ms, mfu 25.95%
iter 3870: loss 0.8864, time 13.58ms, mfu 26.10%
iter 3880: loss 0.8876, time 13.63ms, mfu 26.22%
iter 3890: loss 0.8956, time 13.60ms, mfu 26.34%
iter 3900: loss 0.8846, time 14.22ms, mfu 26.33%
iter 3910: loss 0.8880, time 14.26ms, mfu 26.31%
iter 3920: loss 0.8756, time 14.05ms, mfu 26.33%
iter 3930: loss 0.8973, time 13.57ms, mfu 26.44%
iter 3940: loss 0.8664, time 13.31ms, mfu 26.59%
iter 3950: loss 0.8817, time 14.18ms, mfu 26.56%
iter 3960: loss 0.9129, time 14.22ms, mfu 26.53%
iter 3970: loss 0.8924, time 14.26ms, mfu 26.49%
iter 3980: loss 0.9001, time 14.10ms, mfu 26.48%
iter 3990: loss 0.8742, time 13.55ms, mfu 26.58%
step 4000: train loss 0.7093, val loss 1.6263
iter 4000: loss 0.8450, time 2057.55ms, mfu 23.94%
iter 4010: loss 0.8806, time 13.94ms, mfu 24.22%
iter 4020: loss 0.8848, time 14.35ms, mfu 24.40%
iter 4030: loss 0.8835, time 14.16ms, mfu 24.59%
iter 4040: loss 0.8867, time 14.06ms, mfu 24.78%
iter 4050: loss 0.8706, time 13.65ms, mfu 25.03%
iter 4060: loss 0.8679, time 13.64ms, mfu 25.26%
iter 4070: loss 0.8717, time 13.63ms, mfu 25.47%
iter 4080: loss 0.8850, time 14.34ms, mfu 25.52%
iter 4090: loss 0.8516, time 14.10ms, mfu 25.61%
iter 4100: loss 0.8979, time 13.99ms, mfu 25.71%
iter 4110: loss 0.8758, time 13.76ms, mfu 25.85%
iter 4120: loss 0.8699, time 13.62ms, mfu 26.00%
iter 4130: loss 0.8575, time 13.63ms, mfu 26.13%
iter 4140: loss 0.8758, time 13.98ms, mfu 26.19%
iter 4150: loss 0.8753, time 14.31ms, mfu 26.17%
iter 4160: loss 0.8588, time 13.28ms, mfu 26.36%
iter 4170: loss 0.8631, time 13.65ms, mfu 26.45%
iter 4180: loss 0.8655, time 13.61ms, mfu 26.54%
iter 4190: loss 0.8721, time 13.92ms, mfu 26.57%
iter 4200: loss 0.8567, time 14.32ms, mfu 26.51%
iter 4210: loss 0.8742, time 14.06ms, mfu 26.51%
iter 4220: loss 0.8558, time 14.08ms, mfu 26.51%
iter 4230: loss 0.8781, time 14.22ms, mfu 26.48%
iter 4240: loss 0.8662, time 13.96ms, mfu 26.50%
step 4250: train loss 0.6791, val loss 1.6455
iter 4250: loss 0.8704, time 2048.47ms, mfu 23.87%
iter 4260: loss 0.8668, time 14.35ms, mfu 24.08%
iter 4270: loss 0.8655, time 15.25ms, mfu 24.11%
iter 4280: loss 0.8576, time 14.83ms, mfu 24.21%
iter 4290: loss 0.8383, time 14.50ms, mfu 24.36%
iter 4300: loss 0.8311, time 14.56ms, mfu 24.49%
iter 4310: loss 0.8552, time 14.46ms, mfu 24.61%
iter 4320: loss 0.8339, time 14.64ms, mfu 24.70%
iter 4330: loss 0.8583, time 14.52ms, mfu 24.80%
iter 4340: loss 0.8332, time 14.38ms, mfu 24.91%
iter 4350: loss 0.8444, time 14.45ms, mfu 24.99%
iter 4360: loss 0.8593, time 14.24ms, mfu 25.11%
iter 4370: loss 0.8501, time 13.60ms, mfu 25.34%
iter 4380: loss 0.8356, time 13.63ms, mfu 25.54%
iter 4390: loss 0.8625, time 14.27ms, mfu 25.60%
iter 4400: loss 0.8435, time 14.23ms, mfu 25.65%
iter 4410: loss 0.8603, time 14.22ms, mfu 25.71%
iter 4420: loss 0.8706, time 14.07ms, mfu 25.79%
iter 4430: loss 0.8453, time 13.59ms, mfu 25.95%
iter 4440: loss 0.8434, time 13.66ms, mfu 26.08%
iter 4450: loss 0.8531, time 13.66ms, mfu 26.20%
iter 4460: loss 0.8300, time 14.39ms, mfu 26.17%
iter 4470: loss 0.8539, time 14.07ms, mfu 26.20%
iter 4480: loss 0.8318, time 13.74ms, mfu 26.29%
iter 4490: loss 0.8454, time 13.78ms, mfu 26.37%
step 4500: train loss 0.6543, val loss 1.6664
iter 4500: loss 0.8610, time 2058.45ms, mfu 23.75%
iter 4510: loss 0.8486, time 13.94ms, mfu 24.05%
iter 4520: loss 0.8463, time 14.29ms, mfu 24.25%
iter 4530: loss 0.8448, time 14.06ms, mfu 24.47%
iter 4540: loss 0.8481, time 13.58ms, mfu 24.77%
iter 4550: loss 0.8687, time 13.61ms, mfu 25.03%
iter 4560: loss 0.8469, time 13.63ms, mfu 25.26%
iter 4570: loss 0.8434, time 13.69ms, mfu 25.46%
iter 4580: loss 0.8548, time 14.29ms, mfu 25.52%
iter 4590: loss 0.8521, time 14.13ms, mfu 25.61%
iter 4600: loss 0.8234, time 13.58ms, mfu 25.79%
iter 4610: loss 0.8680, time 13.58ms, mfu 25.95%
iter 4620: loss 0.8300, time 13.64ms, mfu 26.09%
iter 4630: loss 0.8214, time 14.06ms, mfu 26.13%
iter 4640: loss 0.8487, time 14.24ms, mfu 26.14%
iter 4650: loss 0.8661, time 13.79ms, mfu 26.23%
iter 4660: loss 0.8424, time 13.75ms, mfu 26.31%
iter 4670: loss 0.8356, time 13.60ms, mfu 26.42%
iter 4680: loss 0.8584, time 13.64ms, mfu 26.51%
iter 4690: loss 0.8415, time 13.65ms, mfu 26.59%
iter 4700: loss 0.8254, time 14.15ms, mfu 26.56%
iter 4710: loss 0.7864, time 14.10ms, mfu 26.55%
iter 4720: loss 0.8297, time 14.02ms, mfu 26.55%
iter 4730: loss 0.8231, time 14.06ms, mfu 26.55%
iter 4740: loss 0.8233, time 14.15ms, mfu 26.53%
step 4750: train loss 0.6363, val loss 1.6856
iter 4750: loss 0.8002, time 2045.82ms, mfu 23.89%
iter 4760: loss 0.8192, time 14.20ms, mfu 24.13%
iter 4770: loss 0.8014, time 13.79ms, mfu 24.42%
iter 4780: loss 0.8058, time 13.78ms, mfu 24.68%
iter 4790: loss 0.8351, time 13.58ms, mfu 24.95%
iter 4800: loss 0.8238, time 13.65ms, mfu 25.19%
iter 4810: loss 0.8467, time 13.66ms, mfu 25.40%
iter 4820: loss 0.8196, time 14.26ms, mfu 25.47%
iter 4830: loss 0.8236, time 14.04ms, mfu 25.58%
iter 4840: loss 0.8247, time 13.58ms, mfu 25.76%
iter 4850: loss 0.8177, time 13.64ms, mfu 25.92%
iter 4860: loss 0.8102, time 13.61ms, mfu 26.06%
iter 4870: loss 0.8168, time 13.87ms, mfu 26.14%
iter 4880: loss 0.8229, time 14.12ms, mfu 26.17%
iter 4890: loss 0.8131, time 14.40ms, mfu 26.14%
iter 4900: loss 0.8078, time 14.33ms, mfu 26.13%
iter 4910: loss 0.8261, time 14.60ms, mfu 26.07%
iter 4920: loss 0.8223, time 14.02ms, mfu 26.12%
iter 4930: loss 0.8119, time 13.58ms, mfu 26.25%
iter 4940: loss 0.8039, time 13.62ms, mfu 26.36%
iter 4950: loss 0.8221, time 13.64ms, mfu 26.46%
iter 4960: loss 0.8385, time 13.94ms, mfu 26.48%
iter 4970: loss 0.7872, time 14.34ms, mfu 26.43%
iter 4980: loss 0.7952, time 14.05ms, mfu 26.44%
iter 4990: loss 0.8187, time 13.75ms, mfu 26.51%
step 5000: train loss 0.6217, val loss 1.7005
iter 5000: loss 0.8229, time 2108.51ms, mfu 23.88%
